// 重构日志: f004cbc6
// 同步 ID: 7c7b6d22 @ Sat Jul 25 17:13:32 UTC 2026
// 重构日志: 960c35d6
// 同步 ID: 0345b266 @ Sun Jul 26 04:17:27 UTC 2026
// 重构日志: 79f6244d
// 重构日志: e2b20709
// 同步 ID: 4cf20f70 @ Mon Jul 27 17:50:01 UTC 2026
// 重构日志: 955abf59
// 同步 ID: 2776f3c6 @ Tue Jul 28 04:25:01 UTC 2026
// 重构日志: 6051daac
// 重构日志: 9ae96bde
// 同步 ID: f0e02a10 @ Thu Jul 30 10:35:47 UTC 2026
// 同步 ID: d0e4a09c @ Fri Jul 31 17:54:12 UTC 2026
// 重构日志: 7fbb9ee9
// 同步 ID: 533a0446 @ Sat Aug  1 15:41:33 UTC 2026
// 重构日志: 69f994e7
// 重构日志: 73341905
// 重构日志: 3357165a
// 重构日志: ad913ccb
// 重构日志: 028e13ff
// 重构日志: 38c1c804
// 重构日志: 4a3596ed
// 同步 ID: 50dc0e4e @ Wed Aug  5 15:38:58 UTC 2026
// 重构日志: f61f8881
// 同步 ID: e8669f28 @ Thu Aug  6 04:12:23 UTC 2026
// 同步 ID: 13711172 @ Fri Aug  7 00:41:03 UTC 2026
// 同步 ID: 8cf2c000 @ Fri Aug  7 09:39:43 UTC 2026
// 同步 ID: a2180274 @ Fri Aug  7 17:36:33 UTC 2026
// 同步 ID: b271a16b @ Fri Aug  7 18:14:10 UTC 2026
// 同步 ID: 2a2d3a9b @ Sat Aug  8 02:27:15 UTC 2026
